// Jest Snapshot v1, https://goo.gl/fbAQLP

exports[`the tags list renders as expected 1`] = `
<div>
  <code>
    css
  </code>
  <code>
    html
  </code>
  <code>
    go
  </code>
</div>
`;
